../Core/Src/main.c:93:6:HAL_UART_RxCpltCallback	16	static
../Core/Src/main.c:104:6:command_parser_fsm	8	static
../Core/Src/main.c:163:6:uart_communication_fsm	8	static
../Core/Src/main.c:204:5:main	8	static
../Core/Src/main.c:261:6:SystemClock_Config	88	static
../Core/Src/main.c:305:13:MX_ADC1_Init	24	static
../Core/Src/main.c:352:13:MX_TIM2_Init	32	static
../Core/Src/main.c:397:13:MX_USART2_UART_Init	8	static
../Core/Src/main.c:430:13:MX_GPIO_Init	32	static
../Core/Src/main.c:454:6:HAL_TIM_PeriodElapsedCallback	16	static
../Core/Src/main.c:463:6:Error_Handler	4	static,ignoring_inline_asm
